[www.kiwilimon.com/index.html]
[backblue.gif]
[fade.gif]
[index.html]
[www.kiwilimon.com/apple-touch-icon2181.png]
[www.kiwilimon.com/favicon-32x322181.png]
[www.kiwilimon.com/favicon-16x162181.png]
[www.kiwilimon.com/manifest2181.json]
[www.kiwilimon.com/favicon2181.ico]
[cdn7.kiwilimon.com/img/static/1406x959/ogimage-home-kiwilimon.jpg.jpg]
[www.kiwilimon.com/fonts/icomoon.woff2]
[www.kiwilimon.com/fonts/source-sans-pro-200.woff2]
[www.kiwilimon.com/fonts/source-sans-pro-400.woff2]
[www.kiwilimon.com/fonts/source-sans-pro-700.woff2]
[www.kiwilimon.com/login.html]
[browser-update.org/update.min.js]
[sb.scorecardresearch.com/beacon.js]
[s.ntv.io/serve/load.js]
[cdn.insurads.com/bootstrap/CKVE5KE3ec92.js]
[c.amazon-adsystem.com/aax2/apstag.js]
[www.kiwilimon.com/login/social.html]
[www.kiwilimon.com/bidmanager.13.delayed]
[cdn.jsdelivr.net/npm/prebid.js@7.12.0/dist/debugging-standalone.js]
[www.kiwilimon.com/events.15.delayed]
[www.kiwilimon.com/prebid.16.delayed]
[www.kiwilimon.com/a(e.17.delayed]
[www.kiwilimon.com/trk.18.delayed]
[video-outstream.rubiconproject.com/apex-2.2.1.js]
[www.kiwilimon.com/mediaTypes.video.1a.delayed]
[www.google-analytics.com/analytics.js]
[certify-js.alexametrics.com/atrk.js]
[u.heatmap.it/log.js]
[consent.cookiebot.com/uc.js]
[www.kiwilimon.com/fonts/museo-sans-500d41d.eot]
[www.kiwilimon.com/fonts/museo-sans-500.ttf]
[www.kiwilimon.com/fonts/museo-sans-700d41d.eot]
[www.kiwilimon.com/fonts/museo-sans-700.ttf]
[www.kiwilimon.com/fonts/museo-sans-900d41d.eot]
[www.kiwilimon.com/fonts/museo-sans-900.ttf]
[www.kiwilimon.com/fonts/CrimsonPro-Boldd41d.eot]
[www.kiwilimon.com/fonts/CrimsonPro-Bold.woff]
[www.kiwilimon.com/fonts/CrimsonPro-Bold.ttf]
[www.kiwilimon.com/fonts/CrimsonPro-BoldItalicd41d.eot]
[www.kiwilimon.com/fonts/CrimsonPro-BoldItalic.woff]
[www.kiwilimon.com/fonts/CrimsonPro-BoldItalic.ttf]
[www.kiwilimon.com/fonts/CrimsonPro-Lightd41d.eot]
[www.kiwilimon.com/fonts/CrimsonPro-Light.woff]
[www.kiwilimon.com/fonts/CrimsonPro-Light.ttf]
[www.kiwilimon.com/fonts/CrimsonPro-LightItalicd41d.eot]
[www.kiwilimon.com/fonts/CrimsonPro-LightItalic.woff]
[www.kiwilimon.com/fonts/CrimsonPro-LightItalic.ttf]
[www.kiwilimon.com/fonts/CrimsonPro-Regulard41d.eot]
[www.kiwilimon.com/fonts/CrimsonPro-Regular.woff]
[www.kiwilimon.com/fonts/CrimsonPro-Regular.ttf]
[www.kiwilimon.com/fonts/CrimsonPro-Italicd41d.eot]
[www.kiwilimon.com/fonts/CrimsonPro-Italic.woff]
[www.kiwilimon.com/fonts/CrimsonPro-Italic.ttf]
[www.kiwilimon.com/fonts/CrimsonPro-SemiBoldd41d.eot]
[www.kiwilimon.com/fonts/CrimsonPro-SemiBold.woff]
[www.kiwilimon.com/fonts/CrimsonPro-SemiBold.ttf]
[www.kiwilimon.com/fonts/CrimsonPro-SemiBoldItalicd41d.eot]
[www.kiwilimon.com/fonts/CrimsonPro-SemiBoldItalic.woff]
[www.kiwilimon.com/fonts/CrimsonPro-SemiBoldItalic.ttf]
[www.kiwilimon.com/fonts/icomoon.eot]
[www.kiwilimon.com/fonts/icomoon.ttf]
[www.kiwilimon.com/fonts/icomoon.woff]
[cdn.kiwilimon.com/kiwi5/static/newsletter-bg2.jpg]
[www.kiwilimon.com/pro.html]
[www.kiwilimon.com/mi-cuenta/receta.html]
[www.kiwilimon.com/app.html]
[www.kiwilimon.com/informacion.html]
[www.kiwilimon.com/blog.html]
[www.kiwilimon.com/recetas.html]
[www.kiwilimon.com/tips.html]
[www.kiwilimon.com/temporada.html]
[www.kiwilimon.com/quiz.html]
[www.kiwilimon.com/mapa-del-sitio.html]
[www.kiwilimon.com/informacion/aviso-de-privacidad.html]
[www.kiwilimon.com/informacion/politicas-de-uso.html]
[www.kiwilimon.com/informacion/anunciate.4f.delayed]
[www.kiwilimon.com/index.html]
[www.kiwilimon.com/safari-pinned-tab2181.svg]
[www.kiwilimon.com/informacion/contacto.html]
[www.kiwilimon.com/amp/index.html]
[www.kiwilimon.com/amp.html]
[www.kiwilimon.com/mi-cuenta.html]
[www.kiwilimon.com/window.location.54.delayed]
[apis.google.com/js/platform.js]
[apis.google.com/js/client.js]
[www.gstatic.com/firebasejs/3.6.5/firebase.js]
[appleid.cdn-apple.com/appleauth/static/jsapi/appleid/1/en_US/appleid.auth.js]
[www.kiwilimon.com/fonts/olivier_demod41d.eot]
[www.kiwilimon.com/fonts/olivier_demo.ttf]
[www.kiwilimon.com/login.html]
[www.kiwilimon.com/login/bidmanager.html]
[www.kiwilimon.com/login/events.html]
[www.kiwilimon.com/login/prebid.html]
[www.kiwilimon.com/login/a(e.html]
[www.kiwilimon.com/login/trk.html]
[www.kiwilimon.com/login/mediaTypes.video.html]
[www.kiwilimon.com/login/social.html]
[www.kiwilimon.com/login/window.location.html]
[www.kiwilimon.com/GET.63.delayed]
[www.kiwilimon.com/I.applyProtocolToUrl(I.64.delayed]
[www.kiwilimon.com/n.65.delayed]
[www.kiwilimon.com/e.66.delayed]
[s.ntv.io/js/prebid5.js]
[s.ntv.io/serve/load.js]
[www.kiwilimon.com/redirect.68.delayed]
[www.kiwilimon.com/redirect/index.html]
[cdn.insurads.com/bootstrap/CKVE5KE3ec92.js]
[firalivepro.blob.core.windows.net/scripts/fira-script.js]
[www.kiwilimon.com/bidmanager.html]
[www.kiwilimon.com/events.html]
[www.kiwilimon.com/prebid.html]
[www.kiwilimon.com/a(e.html]
[www.kiwilimon.com/; path=.69.delayed]
[www.kiwilimon.com/; path=/index.html]
[www.kiwilimon.com/trk.html]
[www.kiwilimon.com/mediaTypes.video.html]
[www.kiwilimon.com/quiz/index.html]
[www.kiwilimon.com/fonts/icomoon.svg]
[www.kiwilimon.com/amp/pro.6a.delayed]
[cdn.kiwilimon.com/kiwi5pc/static/icono-usuario.png]
[www.kiwilimon.com/pro.html]
[www.kiwilimon.com/apple-touch-icon877a.png]
[www.kiwilimon.com/favicon-32x32877a.png]
[www.kiwilimon.com/favicon-16x16877a.png]
[www.kiwilimon.com/manifest877a.json]
[www.kiwilimon.com/favicon877a.ico]
[tags.crwdcntrl.net/lt/c/15499/lt.min.js]
[cdn.kiwilimon.com/img/static/logo-comparte.png]
[cdn.kiwilimon.com/css/kiwi4/herramientas.css]
[cdn.kiwilimon.com/css/kiwi4/nologin.css]
[cdn.kiwilimon.com/js/kiwi4/herramientas.js]
[cdn.kiwilimon.com/js/video/v1/kvideo877a.js]
[cdn.kiwilimon.com/js/kiwi4/prebid877a.js]
[cdn.kiwilimon.com/pages/login/check.png]
[www.kiwilimon.com/informacion/politicas.7b.delayed]
[cdn.kiwilimon.com/kiwi5/static/k5-icon-sube-img-user.png]
[cdn.kiwilimon.com/img/static/dot.gif]
[cdn.kiwilimon.com/img/static/img-kl-pro-header-pc.jpg]
[cdn.kiwilimon.com/pages/pro/logo-kiwipro-azul.png]
[cdn.kiwilimon.com/kiwi5/static/k5-iconos.png]
[www.kiwilimon.com/pro/suscripcion-kiwipro.html]
[www.kiwilimon.com/mi-cuenta/conectate.html]
[www.kiwilimon.com/mi-cuenta/colecciones.html]
[www.kiwilimon.com/mi-cuenta/favoritos.html]
[www.kiwilimon.com/mi-cuenta/mis-recetas.html]
[www.kiwilimon.com/mi-cuenta/lista-super.html]
[www.kiwilimon.com/mi-cuenta/planeador-de-menu.html]
[www.kiwilimon.com/mi-cuenta/perfil.html]
[www.kiwilimon.com/mi-cuenta/seguidores.html]
[www.kiwilimon.com/mi-cuenta/mis-datos.html]
[cdn.kiwilimon.com/img/static/icon-blanco-menu-klpro.jpg]
[www.kiwilimon.com/mi-cuenta/pagos.html]
[cdn.kiwilimon.com/img/static/icon-verde-klpro.jpg]
[www.kiwilimon.com/pro/recetas-pro.html]
[www.kiwilimon.com/te-cuida.html]
[www.kiwilimon.com/recetas/postres.html]
[www.kiwilimon.com/recetas/carnes-y-aves.html]
[www.kiwilimon.com/recetas/guarniciones.html]
[www.kiwilimon.com/recetas/pescados-y-mariscos.html]
[www.kiwilimon.com/preferencia/faciles.html]
[www.kiwilimon.com/preferencia/dietas.html]
[www.kiwilimon.com/recetas/saludables.html]
[www.kiwilimon.com/recetas/botanas.html]
[www.kiwilimon.com/recetas/comida-para-ninos.html]
[www.kiwilimon.com/preferencia.html]
[www.kiwilimon.com/recetas/postres/chocolate.html]
[www.kiwilimon.com/recetas/carnes-y-aves/pollos.html]
[www.kiwilimon.com/recetas/guarniciones/verduras/chiles.html]
[www.kiwilimon.com/recetas/guarniciones/arroces.html]
[www.kiwilimon.com/recetas/pastas.html]
[www.kiwilimon.com/ingredientes.html]
[www.kiwilimon.com/tipo-de-cocina/mexicana.html]
[www.kiwilimon.com/tipo-de-cocina/china.html]
[www.kiwilimon.com/tipo-de-cocina/italiana.html]
[www.kiwilimon.com/tipo-de-cocina/americana.html]
[www.kiwilimon.com/tipo-de-cocina/argentina.html]
[www.kiwilimon.com/tipo-de-cocina.html]
[www.kiwilimon.com/temporada/dia-de-las-madres.html]
[www.kiwilimon.com/temporada/dia-del-padre.html]
[www.kiwilimon.com/temporada/verano.html]
[www.kiwilimon.com/temporada/vacaciones.html]
[www.kiwilimon.com/temporada/recetas-para-el-regreso-a-clases-kiwilimon.html]
[cdn.kiwilimon.com/img/static/k4-icono-usuario.png]
[cdn.kiwilimon.com/img/static/txt_titulomicuenta.png]
[cdn.kiwilimon.com/kiwi5/static/icon_googlep.png]
[www.kiwilimon.com/receta/carnes-y-aves/pollos/pollo-empanizado/milanesa-napolitana-con-queso-oaxaca30b7.html]
[www.kiwilimon.com/receta/postres/gelatinas/pastel-de-gelatina-de-pina-colada30b7.html]
[www.kiwilimon.com/blog/tips-y-consejos/hogar-tips-y-consejos/como-quitar-manchas-de-comida-mexicana-del-mantel30b7.html]
[www.kiwilimon.com/mi-cuenta/receta.html]
[cdn.kiwilimon.com/img/static/k4-iconos-1.png]
[www.kiwilimon.com/tips/tips-de-cocina/tips-de-platillos/11-recetas-locas-para-ninos30b7.html]
[www.kiwilimon.com/amp/app.html]
[cdn7.kiwilimon.com/pages/app/app-kiwi-2022.jpg]
[www.kiwilimon.com/app.html]
[www.kiwilimon.com/informacion.html]
[www.kiwilimon.com/amp/informacion.html]
[www.kiwilimon.com/blog.html]
[www.kiwilimon.com/amp/recetas.html]
[cdn7.kiwilimon.com/familia/rec/rec.jpg]
[www.kiwilimon.com/recetas.html]
[www.kiwilimon.com/tips.html]
[www.kiwilimon.com/amp/tips.html]
[www.kiwilimon.com/amp/temporada.html]
[cdn7.kiwilimon.com/familia/tem/tem.jpg]
[www.kiwilimon.com/temporada.html]
[cdn.kiwilimon.com/quizz/10/th5-320x320-10.jpg]
[cdn.kiwilimon.com/quizz/7/th5-320x320-7.jpg]
[cdn.kiwilimon.com/quizz/8/th5-320x320-8.jpg]
[cdn.kiwilimon.com/quizz/9/th5-320x320-9.jpg]
[cdn.kiwilimon.com/quizz/6/th5-320x320-6.jpg]
[cdn.kiwilimon.com/quizz/5/th5-320x320-5.jpg]
[cdn.kiwilimon.com/pages/quiz/share-quizz.jpg]
[cdn.kiwilimon.com/css/kiwi4/quiz.css]
[www.kiwilimon.com/quiz/que-taco-eres-segun-tu-personalidad.html]
[cdn.kiwilimon.com/img/static/logo-o-320x320.png]
[www.kiwilimon.com/quiz/que-tan-experto-en-tacos-eres-segun-tus-conocimientos-de-cocina.html]
[www.kiwilimon.com/quiz/estas-comiendo-la-cantidad-correcta-de-aguacate.html]
[www.kiwilimon.com/quiz/que-nivel-de-foodie-eres.html]
[www.kiwilimon.com/quiz/elige-un-tipo-de-guacamole-y-te-diremos-que-tan-buen-amigo-eres.html]
[cdn.kiwilimon.com/img/static/logo-o-90.png]
[www.kiwilimon.com/quiz/que-avocado-toast-eres-segun-tu-personalidad.html]
[www.kiwilimon.com/quiz/que-tan-experto-en-tacos-eres-segun-tus-conocimientos-en-la-cocina.html]
[cdn.kiwilimon.com/img/static/k4-iconos-4.png]
[cdn.kiwilimon.com/img/static/gif-registro.gif]
[www.kiwilimon.com/receta/bebidas/bebidas-calientes/infusion-de-hierbabuena-con-manzanilla30b7.html]
[www.kiwilimon.com/receta/carnes-y-aves/cerdos/picadillo-de-puerco-al-chipotle30b7.html]
[www.kiwilimon.com/blog/te-cuida/nutricion-infantil-alimentos-que-no-pueden-faltar-en-la-dieta-de-los-ninos30b7.html]
[www.kiwilimon.com/quiz.html]
[www.kiwilimon.com/compilacion/sopas-y-pastas-para-ninos30b7.html]
[www.kiwilimon.com/recetas/faciles.html]
[www.kiwilimon.com/recetas/postres/pasteles.html]
[www.kiwilimon.com/recetas/postres/pasteles/cheesecake.html]
[www.kiwilimon.com/recetas/postres/pasteles/cheesecake/cheesecakes-faciles.html]
[www.kiwilimon.com/recetas/postres/pasteles/pasteles-de-chocolate.html]
[www.kiwilimon.com/recetas/postres/pasteles/pasteles-de-limon.html]
[www.kiwilimon.com/recetas/postres/pasteles/pasteles-con-frutas.html]
[www.kiwilimon.com/recetas/postres/pasteles/pasteles-de-rollo.html]
[www.kiwilimon.com/recetas/postres/pasteles/pasteles-de-zanahoria.html]
[www.kiwilimon.com/recetas/postres/pasteles/pasteles-de-tres-leches.html]
[www.kiwilimon.com/recetas/postres/pasteles/betun-para-pasteles.html]
[www.kiwilimon.com/recetas/postres/pasteles/pasteles-fondant.html]
[www.kiwilimon.com/recetas/postres/pasteles/pasteles-de-cumpleanos.html]
[www.kiwilimon.com/recetas/postres/pasteles/pasteles-infantiles.html]
[www.kiwilimon.com/recetas/postres/pasteles/pasteles-de-cafe.html]
[www.kiwilimon.com/recetas/postres/pasteles/pasteles-sin-horno.html]
[www.kiwilimon.com/recetas/postres/cupcakes.html]
[www.kiwilimon.com/recetas/postres/cupcakes/cupcakes-decorados.html]
[www.kiwilimon.com/recetas/postres/galletas.html]
[www.kiwilimon.com/recetas/postres/galletas/galletas-de-chispas-de-chocolate.html]
[www.kiwilimon.com/recetas/postres/galletas/galletas-de-chocolate.html]
[www.kiwilimon.com/recetas/postres/galletas/galletas-de-nuez.html]
[www.kiwilimon.com/recetas/postres/galletas/galletas-de-mantequilla.html]
[www.kiwilimon.com/recetas/postres/galletas/galletas-con-mermelada.html]
[www.kiwilimon.com/recetas/postres/galletas/galletas-para-decorar.html]
[www.kiwilimon.com/recetas/postres/galletas/galletas-de-navidad.html]
[www.kiwilimon.com/recetas/postres/galletas/galletas-para-ninos.html]
[www.kiwilimon.com/recetas/postres/pays.html]
[www.kiwilimon.com/recetas/postres/pays/pays-de-manzana.html]
[www.kiwilimon.com/recetas/postres/pays/pays-de-frutas.html]
[www.kiwilimon.com/recetas/postres/pays/pays-de-limon.html]
[www.kiwilimon.com/recetas/postres/pays/pays-de-queso.html]
[www.kiwilimon.com/recetas/postres/pays/pays-de-nuez.html]
[www.kiwilimon.com/recetas/postres/panques.html]
[www.kiwilimon.com/recetas/postres/panques/panques-de-chocolate.html]
[www.kiwilimon.com/recetas/postres/panques/panques-de-vainilla.html]
[www.kiwilimon.com/recetas/postres/panques/panques-navidenos.html]
[www.kiwilimon.com/recetas/postres/panques/panques-con-frutas.html]
[www.kiwilimon.com/recetas/postres/chocolate/galletas-con-chocolate.html]
[www.kiwilimon.com/recetas/postres/chocolate/pasteles-con-chocolate.html]
[www.kiwilimon.com/recetas/postres/chocolate/betun-de-chocolate.html]
[www.kiwilimon.com/recetas/postres/chocolate/souffles-de-chocolate.html]
[www.kiwilimon.com/recetas/postres/chocolate/mousses-de-chocolate.html]
[www.kiwilimon.com/recetas/postres/chocolate/trufas-de-chocolate.html]
[www.kiwilimon.com/recetas/postres/chocolate/brownies.html]
[www.kiwilimon.com/recetas/postres/flanes.html]
[www.kiwilimon.com/recetas/postres/flanes/flan-napolitano.html]
[www.kiwilimon.com/recetas/postres/flanes/flanes-de-frutas.html]
[www.kiwilimon.com/recetas/postres/flanes/flanes-de-queso.html]
[www.kiwilimon.com/recetas/postres/flanes/flanes-de-cafe.html]
[www.kiwilimon.com/recetas/postres/gelatinas.html]
[www.kiwilimon.com/recetas/postres/gelatinas/gelatinas-de-mosaico.html]
[www.kiwilimon.com/recetas/postres/gelatinas/gelatinas-de-frutas.html]
[www.kiwilimon.com/recetas/postres/gelatinas/gelatinas-de-yoghurt.html]
[www.kiwilimon.com/recetas/postres/postres-frios.html]
[www.kiwilimon.com/recetas/postres/postres-frios/tiramisu.html]
[www.kiwilimon.com/recetas/postres/postres-frios/pasteles-helados.html]
[www.kiwilimon.com/recetas/postres/postres-frios/mousses.html]
[www.kiwilimon.com/recetas/postres/postres-frios/helado.html]
[www.kiwilimon.com/recetas/postres/postres-frios/paletas-heladas.html]
[www.kiwilimon.com/recetas/postres/merengues.html]
[www.kiwilimon.com/recetas/postres/merengues/merengues-con-chocolate.html]
[www.kiwilimon.com/recetas/postres/merengues/merengues-con-frutas.html]
[www.kiwilimon.com/recetas/postres/crepas.html]
[www.kiwilimon.com/recetas/postres/crepas/crepas-con-frutas.html]
[www.kiwilimon.com/recetas/postres/crepas/crepas-con-chocolate.html]
[www.kiwilimon.com/recetas/postres/crepas/crepas-de-cajeta.html]
[www.kiwilimon.com/recetas/postres/muffins.html]
[www.kiwilimon.com/recetas/postres/muffins/muffins-de-chocolate.html]
[www.kiwilimon.com/recetas/postres/muffins/muffins-salados.html]
[www.kiwilimon.com/recetas/postres/muffins/muffins-de-frutas.html]
[www.kiwilimon.com/recetas/postres/donas.html]
[www.kiwilimon.com/recetas/postres/donas/donas-de-azucar.html]
[www.kiwilimon.com/mapa-del-sitio.html]
[www.kiwilimon.com/informacion/aviso-de-privacidad.html]
[www.kiwilimon.com/informacion/politicas-de-uso.html]
[www.kiwilimon.com/informacion/anunciate.html]
[www.kiwilimon.com/informacion/contacto.html]
[www.kiwilimon.com/amp.html]
[www.kiwilimon.com/mi-cuenta.html]
[www.kiwilimon.com/window.location.html]
[www.kiwilimon.com/login/bidmanager.html]
[www.kiwilimon.com/login/events.html]
[www.kiwilimon.com/login/prebid.html]
[www.kiwilimon.com/login/a(e.html]
[www.kiwilimon.com/login/; path=/index.html]
[www.kiwilimon.com/login/trk.html]
